// Jest Snapshot v1, https://goo.gl/fbAQLP

exports[`props should render correctly 1`] = `
<div
  class="wp-components-badge css-teaedw"
  data-g2-c16t="true"
  data-g2-component="Badge"
>
  <span
    class="wp-components-truncate wp-components-text css-1y3m43u"
    data-g2-c16t="true"
    data-g2-component="Text"
  >
    Status
  </span>
</div>
`;
