// Jest Snapshot v1, https://goo.gl/fbAQLP

exports[`props should render correctly 1`] = `
.emotion-0.emotion-0.emotion-0.emotion-0.emotion-0.emotion-0.emotion-0 {
  box-sizing: border-box;
  -moz-osx-font-smoothing: grayscale;
  -webkit-font-smoothing: antialiased;
  font-family: Inter,system-ui,-apple-system,BlinkMacSystemFont,"Segoe UI",Roboto,"Helvetica Neue",sans-serif;
  font-family: var(--wp-g2-font-family);
  font-size: 13px;
  font-size: var(--wp-g2-font-size);
  font-weight: normal;
  font-weight: var(--wp-g2-font-weight);
  margin: 0;
  color: #1e1e1e;
  color: var(--wp-g2-color-text);
  line-height: 1.2;
  line-height: var(--wp-g2-font-line-height-base);
  font-size: calc((13 / 13) * 13px);
  font-size: calc((13 / 13) * var(--wp-g2-font-size));
  font-weight: normal;
  font-weight: var(--wp-g2-font-weight);
  -webkit-text-decoration: none;
  text-decoration: none;
  color: #007cba;
  color: var(--wp-g2-link-color);
}

@media (prefers-reduced-motion) {
  .emotion-0.emotion-0.emotion-0.emotion-0.emotion-0.emotion-0.emotion-0 {
    -webkit-transition: none!important;
    transition: none!important;
  }
}

[data-system-ui-reduced-motion-mode="true"] .emotion-0.emotion-0.emotion-0.emotion-0.emotion-0.emotion-0.emotion-0 {
  -webkit-transition: none!important;
  transition: none!important;
}

.emotion-0.emotion-0.emotion-0.emotion-0.emotion-0.emotion-0.emotion-0:hover {
  color: #007cba;
  color: var(--wp-g2-link-color-hover);
}

.emotion-1.emotion-1.emotion-1.emotion-1.emotion-1.emotion-1.emotion-1 {
  box-sizing: border-box;
  -moz-osx-font-smoothing: grayscale;
  -webkit-font-smoothing: antialiased;
  font-family: Inter,system-ui,-apple-system,BlinkMacSystemFont,"Segoe UI",Roboto,"Helvetica Neue",sans-serif;
  font-family: var(--wp-g2-font-family);
  font-size: 13px;
  font-size: var(--wp-g2-font-size);
  font-weight: normal;
  font-weight: var(--wp-g2-font-weight);
  margin: 0;
  display: block;
  -webkit-user-select: none;
  -moz-user-select: none;
  -ms-user-select: none;
  user-select: none;
  color: currentColor;
  fill: currentColor;
  height: 15;
  width: 15;
  display: inline-block;
  vertical-align: middle;
  color: currentColor;
  margin-left: calc(4px * 1);
  margin-left: calc(var(--wp-g2-grid-base) * 1);
  margin-top: calc(4px * -1);
  margin-top: calc(var(--wp-g2-grid-base) * -1);
}

@media (prefers-reduced-motion) {
  .emotion-1.emotion-1.emotion-1.emotion-1.emotion-1.emotion-1.emotion-1 {
    -webkit-transition: none!important;
    transition: none!important;
  }
}

[data-system-ui-reduced-motion-mode="true"] .emotion-1.emotion-1.emotion-1.emotion-1.emotion-1.emotion-1.emotion-1 {
  -webkit-transition: none!important;
  transition: none!important;
}

.emotion-1.emotion-1.emotion-1.emotion-1.emotion-1.emotion-1.emotion-1 svg {
  display: block;
}

<a
  class="components-truncate wp-components-truncate components-text wp-components-text ic-7u3orf ic-1m45iq3 components-link wp-components-link components-external-link wp-components-external-link ic-klt46f ic-euc9in ic-192yz5d emotion-0"
  data-g2-c16t="true"
  data-g2-component="ExternalLink"
  href="https://wordpress.org"
  target="_blank"
>
  <span
    style="border: 0px; height: 1px; margin: -1px; overflow: hidden; padding: 0px; position: absolute; white-space: nowrap; width: 1px;"
  >
    (opens in a new tab)
  </span>
  WordPress
  <div
    class="components-icon wp-components-icon ic-2q44rw ic-192yz5d emotion-1"
    data-g2-c16t="true"
    data-g2-component="Icon"
  >
    <svg
      aria-hidden="true"
      focusable="false"
      height="15"
      role="img"
      size="15"
      viewBox="0 0 24 24"
      width="15"
      xmlns="http://www.w3.org/2000/svg"
    >
      <path
        d="M18.2 17c0 .7-.6 1.2-1.2 1.2H7c-.7 0-1.2-.6-1.2-1.2V7c0-.7.6-1.2 1.2-1.2h3.2V4.2H7C5.5 4.2 4.2 5.5 4.2 7v10c0 1.5 1.2 2.8 2.8 2.8h10c1.5 0 2.8-1.2 2.8-2.8v-3.6h-1.5V17zM14.9 3v1.5h3.7l-6.4 6.4 1.1 1.1 6.4-6.4v3.7h1.5V3h-6.3z"
      />
    </svg>
  </div>
</a>
`;
