// Jest Snapshot v1, https://goo.gl/fbAQLP

exports[`props should render correctly 1`] = `
<div
  class="css-j1yu9m"
>
  <span>
    Some people are worth melting for.
  </span>
</div>
`;
