// Jest Snapshot v1, https://goo.gl/fbAQLP

exports[`props should render correctly 1`] = `
.emotion-0.emotion-0.emotion-0.emotion-0.emotion-0.emotion-0.emotion-0 {
  box-sizing: border-box;
  -moz-osx-font-smoothing: grayscale;
  -webkit-font-smoothing: antialiased;
  font-family: Inter,system-ui,-apple-system,BlinkMacSystemFont,"Segoe UI",Roboto,"Helvetica Neue",sans-serif;
  font-family: var(--wp-g2-font-family);
  font-size: 13px;
  font-size: var(--wp-g2-font-size);
  font-weight: normal;
  font-weight: var(--wp-g2-font-weight);
  margin: 0;
  background-color: #ffffff;
  background-color: var(--wp-g2-surface-color);
  color: #1e1e1e;
  color: var(--wp-g2-color-text);
  position: relative;
  background: #ffffff;
  background: var(--wp-g2-surface-background-tertiary-color);
  --wp-g2-surface-background-size: 16px;
  --wp-g2-surface-background-size-dotted: 15px;
}

@media (prefers-reduced-motion) {
  .emotion-0.emotion-0.emotion-0.emotion-0.emotion-0.emotion-0.emotion-0 {
    -webkit-transition: none!important;
    transition: none!important;
  }
}

[data-system-ui-reduced-motion-mode="true"] .emotion-0.emotion-0.emotion-0.emotion-0.emotion-0.emotion-0.emotion-0 {
  -webkit-transition: none!important;
  transition: none!important;
}

<div
  class="components-surface wp-components-surface components-background wp-components-background ic-35s9l5 ic-15506ld ic-192yz5d emotion-0"
  data-g2-c16t="true"
  data-g2-component="Background"
>
  Some people are worth melting for.
</div>
`;
