// Jest Snapshot v1, https://goo.gl/fbAQLP

exports[`props should render correctly 1`] = `
.emotion-0.emotion-0.emotion-0.emotion-0.emotion-0.emotion-0.emotion-0 {
  box-sizing: border-box;
  -moz-osx-font-smoothing: grayscale;
  -webkit-font-smoothing: antialiased;
  font-family: Inter,system-ui,-apple-system,BlinkMacSystemFont,"Segoe UI",Roboto,"Helvetica Neue",sans-serif;
  font-family: var(--wp-g2-font-family);
  font-size: 13px;
  font-size: var(--wp-g2-font-size);
  font-weight: normal;
  font-weight: var(--wp-g2-font-weight);
  margin: 0;
  height: 100%;
  overflow-x: hidden;
  overflow-y: auto;
}

@media (prefers-reduced-motion) {
  .emotion-0.emotion-0.emotion-0.emotion-0.emotion-0.emotion-0.emotion-0 {
    -webkit-transition: none!important;
    transition: none!important;
  }
}

[data-system-ui-reduced-motion-mode="true"] .emotion-0.emotion-0.emotion-0.emotion-0.emotion-0.emotion-0.emotion-0 {
  -webkit-transition: none!important;
  transition: none!important;
}

@media only screen and (min-device-width:40em) {
  .emotion-0.emotion-0.emotion-0.emotion-0.emotion-0.emotion-0.emotion-0::-webkit-scrollbar {
    height: 12px;
    width: 12px;
  }

  .emotion-0.emotion-0.emotion-0.emotion-0.emotion-0.emotion-0.emotion-0::-webkit-scrollbar-track {
    background-color: transparent;
  }

  .emotion-0.emotion-0.emotion-0.emotion-0.emotion-0.emotion-0.emotion-0::-webkit-scrollbar-track {
    background: rgba(0, 0, 0, 0.04);
    background: var(--wp-g2-color-scrollbar-track);
    border-radius: 8px;
  }

  .emotion-0.emotion-0.emotion-0.emotion-0.emotion-0.emotion-0.emotion-0::-webkit-scrollbar-thumb {
    background-clip: padding-box;
    background-color: rgba(0, 0, 0, 0.2);
    background-color: var(--wp-g2-color-scrollbar-thumb);
    border: 2px solid rgba(0,0,0,0);
    border-radius: 7px;
  }

  .emotion-0.emotion-0.emotion-0.emotion-0.emotion-0.emotion-0.emotion-0:hover::-webkit-scrollbar-thumb {
    background-color: rgba(0, 0, 0, 0.5);
    background-color: var(--wp-g2-color-scrollbar-thumb-hover);
  }
}

<div
  class="components-scrollable wp-components-scrollable ic-y3p1xi ic-192yz5d emotion-0"
  data-g2-c16t="true"
  data-g2-component="Scrollable"
>
  Some people are worth melting for.
</div>
`;

exports[`props should render smoothScroll 1`] = `
.emotion-0.emotion-0.emotion-0.emotion-0.emotion-0.emotion-0.emotion-0 {
  box-sizing: border-box;
  -moz-osx-font-smoothing: grayscale;
  -webkit-font-smoothing: antialiased;
  font-family: Inter,system-ui,-apple-system,BlinkMacSystemFont,"Segoe UI",Roboto,"Helvetica Neue",sans-serif;
  font-family: var(--wp-g2-font-family);
  font-size: 13px;
  font-size: var(--wp-g2-font-size);
  font-weight: normal;
  font-weight: var(--wp-g2-font-weight);
  margin: 0;
  height: 100%;
  -webkit-scroll-behavior: smooth;
  -moz-scroll-behavior: smooth;
  -ms-scroll-behavior: smooth;
  scroll-behavior: smooth;
  overflow-x: hidden;
  overflow-y: auto;
}

@media (prefers-reduced-motion) {
  .emotion-0.emotion-0.emotion-0.emotion-0.emotion-0.emotion-0.emotion-0 {
    -webkit-transition: none!important;
    transition: none!important;
  }
}

[data-system-ui-reduced-motion-mode="true"] .emotion-0.emotion-0.emotion-0.emotion-0.emotion-0.emotion-0.emotion-0 {
  -webkit-transition: none!important;
  transition: none!important;
}

@media only screen and (min-device-width:40em) {
  .emotion-0.emotion-0.emotion-0.emotion-0.emotion-0.emotion-0.emotion-0::-webkit-scrollbar {
    height: 12px;
    width: 12px;
  }

  .emotion-0.emotion-0.emotion-0.emotion-0.emotion-0.emotion-0.emotion-0::-webkit-scrollbar-track {
    background-color: transparent;
  }

  .emotion-0.emotion-0.emotion-0.emotion-0.emotion-0.emotion-0.emotion-0::-webkit-scrollbar-track {
    background: rgba(0, 0, 0, 0.04);
    background: var(--wp-g2-color-scrollbar-track);
    border-radius: 8px;
  }

  .emotion-0.emotion-0.emotion-0.emotion-0.emotion-0.emotion-0.emotion-0::-webkit-scrollbar-thumb {
    background-clip: padding-box;
    background-color: rgba(0, 0, 0, 0.2);
    background-color: var(--wp-g2-color-scrollbar-thumb);
    border: 2px solid rgba(0,0,0,0);
    border-radius: 7px;
  }

  .emotion-0.emotion-0.emotion-0.emotion-0.emotion-0.emotion-0.emotion-0:hover::-webkit-scrollbar-thumb {
    background-color: rgba(0, 0, 0, 0.5);
    background-color: var(--wp-g2-color-scrollbar-thumb-hover);
  }
}

<div
  class="components-scrollable wp-components-scrollable ic-y3p1xi ic-192yz5d emotion-0"
  data-g2-c16t="true"
  data-g2-component="Scrollable"
>
  Some people are worth melting for.
</div>
`;
