// Jest Snapshot v1, https://goo.gl/fbAQLP

exports[`props should render animatedDuration 1`] = `
<button
  aria-busy="false"
  aria-describedby="tooltip"
  class="css-15tf5go"
  data-destructive="false"
  data-g2-c16t="true"
  data-g2-component="Button"
  data-icon="false"
  tabindex="0"
  type="button"
>
  <span
    class="wp-components-view wp-components-flex css-1gjqylm"
    data-g2-c16t="true"
    data-g2-component="Flex"
  >
    <span
      class="wp-components-flex-item wp-components-flex-block css-1xcbse6"
      data-g2-c16t="true"
      data-g2-component="ButtonContent"
    >
      Let It Go
    </span>
  </span>
  <span
    class="wp-components-elevation css-1l26w1c"
    data-g2-c16t="true"
    data-g2-component="ButtonElevation"
  />
</button>
`;

exports[`props should render correctly 1`] = `
<button
  aria-busy="false"
  aria-describedby="tooltip"
  class="css-15tf5go"
  data-destructive="false"
  data-g2-c16t="true"
  data-g2-component="Button"
  data-icon="false"
  tabindex="0"
  type="button"
>
  <span
    class="wp-components-view wp-components-flex css-1gjqylm"
    data-g2-c16t="true"
    data-g2-component="Flex"
  >
    <span
      class="wp-components-flex-item wp-components-flex-block css-1xcbse6"
      data-g2-c16t="true"
      data-g2-component="ButtonContent"
    >
      Let It Go
    </span>
  </span>
  <span
    class="wp-components-elevation css-1l26w1c"
    data-g2-c16t="true"
    data-g2-component="ButtonElevation"
  />
</button>
`;

exports[`props should render gutter 1`] = `
<button
  aria-busy="false"
  aria-describedby="tooltip"
  class="css-15tf5go"
  data-destructive="false"
  data-g2-c16t="true"
  data-g2-component="Button"
  data-icon="false"
  tabindex="0"
  type="button"
>
  <span
    class="wp-components-view wp-components-flex css-1gjqylm"
    data-g2-c16t="true"
    data-g2-component="Flex"
  >
    <span
      class="wp-components-flex-item wp-components-flex-block css-1xcbse6"
      data-g2-c16t="true"
      data-g2-component="ButtonContent"
    >
      Let It Go
    </span>
  </span>
  <span
    class="wp-components-elevation css-1l26w1c"
    data-g2-c16t="true"
    data-g2-component="ButtonElevation"
  />
</button>
`;

exports[`props should render placement 1`] = `
<button
  aria-busy="false"
  aria-describedby="tooltip"
  class="css-15tf5go"
  data-destructive="false"
  data-g2-c16t="true"
  data-g2-component="Button"
  data-icon="false"
  tabindex="0"
  type="button"
>
  <span
    class="wp-components-view wp-components-flex css-1gjqylm"
    data-g2-c16t="true"
    data-g2-component="Flex"
  >
    <span
      class="wp-components-flex-item wp-components-flex-block css-1xcbse6"
      data-g2-c16t="true"
      data-g2-component="ButtonContent"
    >
      Let It Go
    </span>
  </span>
  <span
    class="wp-components-elevation css-1l26w1c"
    data-g2-c16t="true"
    data-g2-component="ButtonElevation"
  />
</button>
`;

exports[`props should render visible 1`] = `
<button
  aria-busy="false"
  aria-describedby="tooltip"
  class="css-15tf5go"
  data-destructive="false"
  data-g2-c16t="true"
  data-g2-component="Button"
  data-icon="false"
  tabindex="0"
  type="button"
>
  <span
    class="wp-components-view wp-components-flex css-1gjqylm"
    data-g2-c16t="true"
    data-g2-component="Flex"
  >
    <span
      class="wp-components-flex-item wp-components-flex-block css-1xcbse6"
      data-g2-c16t="true"
      data-g2-component="ButtonContent"
    >
      Let It Go
    </span>
  </span>
  <span
    class="wp-components-elevation css-1l26w1c"
    data-g2-c16t="true"
    data-g2-component="ButtonElevation"
  />
</button>
`;

exports[`props should render without animation 1`] = `
<button
  aria-busy="false"
  aria-describedby="tooltip"
  class="css-15tf5go"
  data-destructive="false"
  data-g2-c16t="true"
  data-g2-component="Button"
  data-icon="false"
  tabindex="0"
  type="button"
>
  <span
    class="wp-components-view wp-components-flex css-1gjqylm"
    data-g2-c16t="true"
    data-g2-component="Flex"
  >
    <span
      class="wp-components-flex-item wp-components-flex-block css-1xcbse6"
      data-g2-c16t="true"
      data-g2-component="ButtonContent"
    >
      Let It Go
    </span>
  </span>
  <span
    class="wp-components-elevation css-1l26w1c"
    data-g2-c16t="true"
    data-g2-component="ButtonElevation"
  />
</button>
`;

exports[`props should render without children 1`] = `null`;

exports[`props should render without content 1`] = `
<button
  aria-busy="false"
  aria-describedby="tooltip"
  class="css-15tf5go"
  data-destructive="false"
  data-g2-c16t="true"
  data-g2-component="Button"
  data-icon="false"
  tabindex="0"
  type="button"
>
  <span
    class="wp-components-view wp-components-flex css-1gjqylm"
    data-g2-c16t="true"
    data-g2-component="Flex"
  >
    <span
      class="wp-components-flex-item wp-components-flex-block css-1xcbse6"
      data-g2-c16t="true"
      data-g2-component="ButtonContent"
    >
      Let It Go
    </span>
  </span>
  <span
    class="wp-components-elevation css-1l26w1c"
    data-g2-c16t="true"
    data-g2-component="ButtonElevation"
  />
</button>
`;

exports[`props should render without modal 1`] = `
<button
  aria-busy="false"
  aria-describedby="tooltip"
  class="css-15tf5go"
  data-destructive="false"
  data-g2-c16t="true"
  data-g2-component="Button"
  data-icon="false"
  tabindex="0"
  type="button"
>
  <span
    class="wp-components-view wp-components-flex css-1gjqylm"
    data-g2-c16t="true"
    data-g2-component="Flex"
  >
    <span
      class="wp-components-flex-item wp-components-flex-block css-1xcbse6"
      data-g2-c16t="true"
      data-g2-component="ButtonContent"
    >
      Let It Go
    </span>
  </span>
  <span
    class="wp-components-elevation css-1l26w1c"
    data-g2-c16t="true"
    data-g2-component="ButtonElevation"
  />
</button>
`;
