// Jest Snapshot v1, https://goo.gl/fbAQLP

exports[`props should render correctly 1`] = `
.emotion-0.emotion-0.emotion-0.emotion-0.emotion-0.emotion-0.emotion-0 {
  box-sizing: border-box;
  -moz-osx-font-smoothing: grayscale;
  -webkit-font-smoothing: antialiased;
  font-family: Inter,system-ui,-apple-system,BlinkMacSystemFont,"Segoe UI",Roboto,"Helvetica Neue",sans-serif;
  font-family: var(--wp-g2-font-family);
  font-size: 13px;
  font-size: var(--wp-g2-font-size);
  font-weight: normal;
  font-weight: var(--wp-g2-font-weight);
  margin: 0;
  border: 1px solid transparent;
  border-radius: 2px;
  border-radius: var(--wp-g2-control-border-radius);
  cursor: pointer;
  display: -ms-grid;
  display: grid;
  -ms-grid-columns: auto;
  grid-template-columns: auto;
  -ms-grid-rows: (calc(92px / 3))[3];
  grid-template-rows: repeat(3,calc(92px / 3));
  outline: none;
  width: 92px;
}

@media (prefers-reduced-motion) {
  .emotion-0.emotion-0.emotion-0.emotion-0.emotion-0.emotion-0.emotion-0 {
    -webkit-transition: none!important;
    transition: none!important;
  }
}

[data-system-ui-reduced-motion-mode="true"] .emotion-0.emotion-0.emotion-0.emotion-0.emotion-0.emotion-0.emotion-0 {
  -webkit-transition: none!important;
  transition: none!important;
}

.emotion-1.emotion-1.emotion-1.emotion-1.emotion-1.emotion-1.emotion-1 {
  box-sizing: border-box;
  -moz-osx-font-smoothing: grayscale;
  -webkit-font-smoothing: antialiased;
  font-family: Inter,system-ui,-apple-system,BlinkMacSystemFont,"Segoe UI",Roboto,"Helvetica Neue",sans-serif;
  font-family: var(--wp-g2-font-family);
  font-size: 13px;
  font-size: var(--wp-g2-font-size);
  font-weight: normal;
  font-weight: var(--wp-g2-font-weight);
  margin: 0;
  display: -ms-grid;
  display: grid;
  -ms-grid-columns: (1fr)[3];
  grid-template-columns: repeat(3,1fr);
}

@media (prefers-reduced-motion) {
  .emotion-1.emotion-1.emotion-1.emotion-1.emotion-1.emotion-1.emotion-1 {
    -webkit-transition: none!important;
    transition: none!important;
  }
}

[data-system-ui-reduced-motion-mode="true"] .emotion-1.emotion-1.emotion-1.emotion-1.emotion-1.emotion-1.emotion-1 {
  -webkit-transition: none!important;
  transition: none!important;
}

.emotion-2.emotion-2.emotion-2.emotion-2.emotion-2.emotion-2.emotion-2 {
  box-sizing: border-box;
  -moz-osx-font-smoothing: grayscale;
  -webkit-font-smoothing: antialiased;
  font-family: Inter,system-ui,-apple-system,BlinkMacSystemFont,"Segoe UI",Roboto,"Helvetica Neue",sans-serif;
  font-family: var(--wp-g2-font-family);
  font-size: 13px;
  font-size: var(--wp-g2-font-size);
  font-weight: normal;
  font-weight: var(--wp-g2-font-weight);
  margin: 0;
  -webkit-align-items: center;
  -webkit-box-align: center;
  -ms-flex-align: center;
  align-items: center;
  -webkit-appearance: none;
  -moz-appearance: none;
  appearance: none;
  border: none;
  display: -webkit-box;
  display: -webkit-flex;
  display: -ms-flexbox;
  display: flex;
  -webkit-box-pack: center;
  -webkit-justify-content: center;
  -ms-flex-pack: center;
  justify-content: center;
  margin: 0;
  outline: none;
  padding: 0;
  position: relative;
}

@media (prefers-reduced-motion) {
  .emotion-2.emotion-2.emotion-2.emotion-2.emotion-2.emotion-2.emotion-2 {
    -webkit-transition: none!important;
    transition: none!important;
  }
}

[data-system-ui-reduced-motion-mode="true"] .emotion-2.emotion-2.emotion-2.emotion-2.emotion-2.emotion-2.emotion-2 {
  -webkit-transition: none!important;
  transition: none!important;
}

.emotion-3.emotion-3.emotion-3.emotion-3.emotion-3.emotion-3.emotion-3 {
  box-sizing: border-box;
  -moz-osx-font-smoothing: grayscale;
  -webkit-font-smoothing: antialiased;
  font-family: Inter,system-ui,-apple-system,BlinkMacSystemFont,"Segoe UI",Roboto,"Helvetica Neue",sans-serif;
  font-family: var(--wp-g2-font-family);
  font-size: 13px;
  font-size: var(--wp-g2-font-size);
  font-weight: normal;
  font-weight: var(--wp-g2-font-weight);
  margin: 0;
  background: currentColor;
  color: #ccd0d4;
  color: var(--wp-g2-light-gray-700);
  display: -ms-grid;
  display: grid;
  height: 6px;
  margin: auto;
  -webkit-transition: all 120ms linear;
  -webkit-transition: all var(--wp-g2-transition-duration-faster) linear;
  transition: all 120ms linear;
  transition: all var(--wp-g2-transition-duration-faster) linear;
  width: 6px;
}

@media (prefers-reduced-motion) {
  .emotion-3.emotion-3.emotion-3.emotion-3.emotion-3.emotion-3.emotion-3 {
    -webkit-transition: none!important;
    transition: none!important;
  }
}

[data-system-ui-reduced-motion-mode="true"] .emotion-3.emotion-3.emotion-3.emotion-3.emotion-3.emotion-3.emotion-3 {
  -webkit-transition: none!important;
  transition: none!important;
}

*:hover>.emotion-3.emotion-3.emotion-3.emotion-3.emotion-3.emotion-3.emotion-3 {
  color: #007cba;
  color: var(--wp-g2-color-admin);
}

.emotion-12.emotion-12.emotion-12.emotion-12.emotion-12.emotion-12.emotion-12 {
  box-sizing: border-box;
  -moz-osx-font-smoothing: grayscale;
  -webkit-font-smoothing: antialiased;
  font-family: Inter,system-ui,-apple-system,BlinkMacSystemFont,"Segoe UI",Roboto,"Helvetica Neue",sans-serif;
  font-family: var(--wp-g2-font-family);
  font-size: 13px;
  font-size: var(--wp-g2-font-size);
  font-weight: normal;
  font-weight: var(--wp-g2-font-weight);
  margin: 0;
  background: currentColor;
  color: #ccd0d4;
  color: var(--wp-g2-light-gray-700);
  display: -ms-grid;
  display: grid;
  height: 6px;
  margin: auto;
  -webkit-transition: all 120ms linear;
  -webkit-transition: all var(--wp-g2-transition-duration-faster) linear;
  transition: all 120ms linear;
  transition: all var(--wp-g2-transition-duration-faster) linear;
  width: 6px;
  box-shadow: 0 0 0 2px #000000;
  box-shadow: 0 0 0 2px var(--wp-g2-black);
  color: #000000;
  color: var(--wp-g2-black);
}

@media (prefers-reduced-motion) {
  .emotion-12.emotion-12.emotion-12.emotion-12.emotion-12.emotion-12.emotion-12 {
    -webkit-transition: none!important;
    transition: none!important;
  }
}

[data-system-ui-reduced-motion-mode="true"] .emotion-12.emotion-12.emotion-12.emotion-12.emotion-12.emotion-12.emotion-12 {
  -webkit-transition: none!important;
  transition: none!important;
}

*:hover>.emotion-12.emotion-12.emotion-12.emotion-12.emotion-12.emotion-12.emotion-12 {
  color: #007cba;
  color: var(--wp-g2-color-admin);
}

*:hover>.emotion-12.emotion-12.emotion-12.emotion-12.emotion-12.emotion-12.emotion-12 {
  color: #000000;
  color: var(--wp-g2-black);
}

<div
  aria-label="Alignment Matrix Control"
  class="components-alignment-matrix-control wp-components-alignment-matrix-control ic-o4vf4i ic-otytyz ic-192yz5d emotion-0"
  data-g2-c16t="true"
  data-g2-component="AlignmentMatrixControl"
  id="alignment-matrix-control"
  role="grid"
>
  <div
    class="ic-1blhbvo ic-192yz5d emotion-1"
    id="alignment-matrix-control-1"
    role="row"
  >
    <span
      class="ic-151osxh ic-192yz5d emotion-2"
      id="alignment-matrix-control-top-left"
      role="gridcell"
      tabindex="-1"
    >
      <span
        style="border: 0px; height: 1px; margin: -1px; overflow: hidden; padding: 0px; position: absolute; white-space: nowrap; width: 1px;"
      >
        top left
      </span>
      <span
        aria-describedby="alignment-matrix-control-top-left"
        class="ic-1c3kh7b ic-192yz5d emotion-3"
        role="presentation"
      />
    </span>
    <span
      class="ic-151osxh ic-192yz5d emotion-2"
      id="alignment-matrix-control-top-center"
      role="gridcell"
      tabindex="-1"
    >
      <span
        style="border: 0px; height: 1px; margin: -1px; overflow: hidden; padding: 0px; position: absolute; white-space: nowrap; width: 1px;"
      >
        top center
      </span>
      <span
        aria-describedby="alignment-matrix-control-top-center"
        class="ic-1c3kh7b ic-192yz5d emotion-3"
        role="presentation"
      />
    </span>
    <span
      class="ic-151osxh ic-192yz5d emotion-2"
      id="alignment-matrix-control-top-right"
      role="gridcell"
      tabindex="-1"
    >
      <span
        style="border: 0px; height: 1px; margin: -1px; overflow: hidden; padding: 0px; position: absolute; white-space: nowrap; width: 1px;"
      >
        top right
      </span>
      <span
        aria-describedby="alignment-matrix-control-top-right"
        class="ic-1c3kh7b ic-192yz5d emotion-3"
        role="presentation"
      />
    </span>
  </div>
  <div
    class="ic-1blhbvo ic-192yz5d emotion-1"
    id="alignment-matrix-control-5"
    role="row"
  >
    <span
      class="ic-151osxh ic-192yz5d emotion-2"
      id="alignment-matrix-control-center-left"
      role="gridcell"
      tabindex="-1"
    >
      <span
        style="border: 0px; height: 1px; margin: -1px; overflow: hidden; padding: 0px; position: absolute; white-space: nowrap; width: 1px;"
      >
        center left
      </span>
      <span
        aria-describedby="alignment-matrix-control-center-left"
        class="ic-1c3kh7b ic-192yz5d emotion-3"
        role="presentation"
      />
    </span>
    <span
      class="ic-151osxh ic-192yz5d emotion-2"
      id="alignment-matrix-control-center-center"
      role="gridcell"
      tabindex="0"
    >
      <span
        style="border: 0px; height: 1px; margin: -1px; overflow: hidden; padding: 0px; position: absolute; white-space: nowrap; width: 1px;"
      >
        center center
      </span>
      <span
        aria-describedby="alignment-matrix-control-center-center"
        class="ic-1c3kh7b ic-192yz5d emotion-12"
        role="presentation"
      />
    </span>
    <span
      class="ic-151osxh ic-192yz5d emotion-2"
      id="alignment-matrix-control-center-right"
      role="gridcell"
      tabindex="-1"
    >
      <span
        style="border: 0px; height: 1px; margin: -1px; overflow: hidden; padding: 0px; position: absolute; white-space: nowrap; width: 1px;"
      >
        center right
      </span>
      <span
        aria-describedby="alignment-matrix-control-center-right"
        class="ic-1c3kh7b ic-192yz5d emotion-3"
        role="presentation"
      />
    </span>
  </div>
  <div
    class="ic-1blhbvo ic-192yz5d emotion-1"
    id="alignment-matrix-control-9"
    role="row"
  >
    <span
      class="ic-151osxh ic-192yz5d emotion-2"
      id="alignment-matrix-control-bottom-left"
      role="gridcell"
      tabindex="-1"
    >
      <span
        style="border: 0px; height: 1px; margin: -1px; overflow: hidden; padding: 0px; position: absolute; white-space: nowrap; width: 1px;"
      >
        bottom left
      </span>
      <span
        aria-describedby="alignment-matrix-control-bottom-left"
        class="ic-1c3kh7b ic-192yz5d emotion-3"
        role="presentation"
      />
    </span>
    <span
      class="ic-151osxh ic-192yz5d emotion-2"
      id="alignment-matrix-control-bottom-center"
      role="gridcell"
      tabindex="-1"
    >
      <span
        style="border: 0px; height: 1px; margin: -1px; overflow: hidden; padding: 0px; position: absolute; white-space: nowrap; width: 1px;"
      >
        bottom center
      </span>
      <span
        aria-describedby="alignment-matrix-control-bottom-center"
        class="ic-1c3kh7b ic-192yz5d emotion-3"
        role="presentation"
      />
    </span>
    <span
      class="ic-151osxh ic-192yz5d emotion-2"
      id="alignment-matrix-control-bottom-right"
      role="gridcell"
      tabindex="-1"
    >
      <span
        style="border: 0px; height: 1px; margin: -1px; overflow: hidden; padding: 0px; position: absolute; white-space: nowrap; width: 1px;"
      >
        bottom right
      </span>
      <span
        aria-describedby="alignment-matrix-control-bottom-right"
        class="ic-1c3kh7b ic-192yz5d emotion-3"
        role="presentation"
      />
    </span>
  </div>
</div>
`;
