// Jest Snapshot v1, https://goo.gl/fbAQLP

exports[`props should render align 1`] = `
.emotion-0.emotion-0.emotion-0.emotion-0.emotion-0.emotion-0.emotion-0 {
  box-sizing: border-box;
  -moz-osx-font-smoothing: grayscale;
  -webkit-font-smoothing: antialiased;
  font-family: Inter,system-ui,-apple-system,BlinkMacSystemFont,"Segoe UI",Roboto,"Helvetica Neue",sans-serif;
  font-family: var(--wp-g2-font-family);
  font-size: 13px;
  font-size: var(--wp-g2-font-size);
  font-weight: normal;
  font-weight: var(--wp-g2-font-weight);
  margin: 0;
  color: #1e1e1e;
  color: var(--wp-g2-color-text);
  line-height: 1.2;
  line-height: var(--wp-g2-font-line-height-base);
  font-size: calc((13 / 13) * 13px);
  font-size: calc((13 / 13) * var(--wp-g2-font-size));
  font-weight: normal;
  font-weight: var(--wp-g2-font-weight);
  text-align: center;
}

@media (prefers-reduced-motion) {
  .emotion-0.emotion-0.emotion-0.emotion-0.emotion-0.emotion-0.emotion-0 {
    -webkit-transition: none!important;
    transition: none!important;
  }
}

[data-system-ui-reduced-motion-mode="true"] .emotion-0.emotion-0.emotion-0.emotion-0.emotion-0.emotion-0.emotion-0 {
  -webkit-transition: none!important;
  transition: none!important;
}

<span
  class="components-truncate wp-components-truncate components-text wp-components-text ic-7u3orf ic-1m45iq3 ic-192yz5d emotion-0"
  data-g2-c16t="true"
  data-g2-component="Text"
>
  Some people are worth melting for.
</span>
`;

exports[`props should render as another element 1`] = `
.emotion-0.emotion-0.emotion-0.emotion-0.emotion-0.emotion-0.emotion-0 {
  box-sizing: border-box;
  -moz-osx-font-smoothing: grayscale;
  -webkit-font-smoothing: antialiased;
  font-family: Inter,system-ui,-apple-system,BlinkMacSystemFont,"Segoe UI",Roboto,"Helvetica Neue",sans-serif;
  font-family: var(--wp-g2-font-family);
  font-size: 13px;
  font-size: var(--wp-g2-font-size);
  font-weight: normal;
  font-weight: var(--wp-g2-font-weight);
  margin: 0;
  color: #1e1e1e;
  color: var(--wp-g2-color-text);
  line-height: 1.2;
  line-height: var(--wp-g2-font-line-height-base);
  font-size: calc((13 / 13) * 13px);
  font-size: calc((13 / 13) * var(--wp-g2-font-size));
  font-weight: normal;
  font-weight: var(--wp-g2-font-weight);
}

@media (prefers-reduced-motion) {
  .emotion-0.emotion-0.emotion-0.emotion-0.emotion-0.emotion-0.emotion-0 {
    -webkit-transition: none!important;
    transition: none!important;
  }
}

[data-system-ui-reduced-motion-mode="true"] .emotion-0.emotion-0.emotion-0.emotion-0.emotion-0.emotion-0.emotion-0 {
  -webkit-transition: none!important;
  transition: none!important;
}

<div
  class="components-truncate wp-components-truncate components-text wp-components-text ic-7u3orf ic-1m45iq3 ic-192yz5d emotion-0"
  data-g2-c16t="true"
  data-g2-component="Text"
>
  Some people are worth melting for.
</div>
`;

exports[`props should render color 1`] = `
.emotion-0.emotion-0.emotion-0.emotion-0.emotion-0.emotion-0.emotion-0 {
  box-sizing: border-box;
  -moz-osx-font-smoothing: grayscale;
  -webkit-font-smoothing: antialiased;
  font-family: Inter,system-ui,-apple-system,BlinkMacSystemFont,"Segoe UI",Roboto,"Helvetica Neue",sans-serif;
  font-family: var(--wp-g2-font-family);
  font-size: 13px;
  font-size: var(--wp-g2-font-size);
  font-weight: normal;
  font-weight: var(--wp-g2-font-weight);
  margin: 0;
  color: #1e1e1e;
  color: var(--wp-g2-color-text);
  line-height: 1.2;
  line-height: var(--wp-g2-font-line-height-base);
  color: orange;
  font-size: calc((13 / 13) * 13px);
  font-size: calc((13 / 13) * var(--wp-g2-font-size));
  font-weight: normal;
  font-weight: var(--wp-g2-font-weight);
}

@media (prefers-reduced-motion) {
  .emotion-0.emotion-0.emotion-0.emotion-0.emotion-0.emotion-0.emotion-0 {
    -webkit-transition: none!important;
    transition: none!important;
  }
}

[data-system-ui-reduced-motion-mode="true"] .emotion-0.emotion-0.emotion-0.emotion-0.emotion-0.emotion-0.emotion-0 {
  -webkit-transition: none!important;
  transition: none!important;
}

<span
  class="components-truncate wp-components-truncate components-text wp-components-text ic-7u3orf ic-1m45iq3 ic-192yz5d emotion-0"
  data-g2-c16t="true"
  data-g2-component="Text"
>
  Some people are worth melting for.
</span>
`;

exports[`props should render correctly 1`] = `
.emotion-0.emotion-0.emotion-0.emotion-0.emotion-0.emotion-0.emotion-0 {
  box-sizing: border-box;
  -moz-osx-font-smoothing: grayscale;
  -webkit-font-smoothing: antialiased;
  font-family: Inter,system-ui,-apple-system,BlinkMacSystemFont,"Segoe UI",Roboto,"Helvetica Neue",sans-serif;
  font-family: var(--wp-g2-font-family);
  font-size: 13px;
  font-size: var(--wp-g2-font-size);
  font-weight: normal;
  font-weight: var(--wp-g2-font-weight);
  margin: 0;
  color: #1e1e1e;
  color: var(--wp-g2-color-text);
  line-height: 1.2;
  line-height: var(--wp-g2-font-line-height-base);
  font-size: calc((13 / 13) * 13px);
  font-size: calc((13 / 13) * var(--wp-g2-font-size));
  font-weight: normal;
  font-weight: var(--wp-g2-font-weight);
}

@media (prefers-reduced-motion) {
  .emotion-0.emotion-0.emotion-0.emotion-0.emotion-0.emotion-0.emotion-0 {
    -webkit-transition: none!important;
    transition: none!important;
  }
}

[data-system-ui-reduced-motion-mode="true"] .emotion-0.emotion-0.emotion-0.emotion-0.emotion-0.emotion-0.emotion-0 {
  -webkit-transition: none!important;
  transition: none!important;
}

<span
  class="components-truncate wp-components-truncate components-text wp-components-text ic-7u3orf ic-1m45iq3 ic-192yz5d emotion-0"
  data-g2-c16t="true"
  data-g2-component="Text"
>
  Some people are worth melting for.
</span>
`;

exports[`props should render custom size 1`] = `
.emotion-0.emotion-0.emotion-0.emotion-0.emotion-0.emotion-0.emotion-0 {
  box-sizing: border-box;
  -moz-osx-font-smoothing: grayscale;
  -webkit-font-smoothing: antialiased;
  font-family: Inter,system-ui,-apple-system,BlinkMacSystemFont,"Segoe UI",Roboto,"Helvetica Neue",sans-serif;
  font-family: var(--wp-g2-font-family);
  font-size: 13px;
  font-size: var(--wp-g2-font-size);
  font-weight: normal;
  font-weight: var(--wp-g2-font-weight);
  margin: 0;
  color: #1e1e1e;
  color: var(--wp-g2-color-text);
  line-height: 1.2;
  line-height: var(--wp-g2-font-line-height-base);
  font-size: calc((15 / 13) * 13px);
  font-size: calc((15 / 13) * var(--wp-g2-font-size));
  font-weight: normal;
  font-weight: var(--wp-g2-font-weight);
}

@media (prefers-reduced-motion) {
  .emotion-0.emotion-0.emotion-0.emotion-0.emotion-0.emotion-0.emotion-0 {
    -webkit-transition: none!important;
    transition: none!important;
  }
}

[data-system-ui-reduced-motion-mode="true"] .emotion-0.emotion-0.emotion-0.emotion-0.emotion-0.emotion-0.emotion-0 {
  -webkit-transition: none!important;
  transition: none!important;
}

<span
  class="components-truncate wp-components-truncate components-text wp-components-text ic-7u3orf ic-1m45iq3 ic-192yz5d emotion-0"
  data-g2-c16t="true"
  data-g2-component="Text"
>
  Some people are worth melting for.
</span>
`;

exports[`props should render display 1`] = `
.emotion-0.emotion-0.emotion-0.emotion-0.emotion-0.emotion-0.emotion-0 {
  box-sizing: border-box;
  -moz-osx-font-smoothing: grayscale;
  -webkit-font-smoothing: antialiased;
  font-family: Inter,system-ui,-apple-system,BlinkMacSystemFont,"Segoe UI",Roboto,"Helvetica Neue",sans-serif;
  font-family: var(--wp-g2-font-family);
  font-size: 13px;
  font-size: var(--wp-g2-font-size);
  font-weight: normal;
  font-weight: var(--wp-g2-font-weight);
  margin: 0;
  color: #1e1e1e;
  color: var(--wp-g2-color-text);
  line-height: 1.2;
  line-height: var(--wp-g2-font-line-height-base);
  display: -webkit-inline-box;
  display: -webkit-inline-flex;
  display: -ms-inline-flexbox;
  display: inline-flex;
  font-size: calc((13 / 13) * 13px);
  font-size: calc((13 / 13) * var(--wp-g2-font-size));
  font-weight: normal;
  font-weight: var(--wp-g2-font-weight);
}

@media (prefers-reduced-motion) {
  .emotion-0.emotion-0.emotion-0.emotion-0.emotion-0.emotion-0.emotion-0 {
    -webkit-transition: none!important;
    transition: none!important;
  }
}

[data-system-ui-reduced-motion-mode="true"] .emotion-0.emotion-0.emotion-0.emotion-0.emotion-0.emotion-0.emotion-0 {
  -webkit-transition: none!important;
  transition: none!important;
}

<span
  class="components-truncate wp-components-truncate components-text wp-components-text ic-7u3orf ic-1m45iq3 ic-192yz5d emotion-0"
  data-g2-c16t="true"
  data-g2-component="Text"
>
  Some people are worth melting for.
</span>
`;

exports[`props should render highlighted words 1`] = `
.emotion-0.emotion-0.emotion-0.emotion-0.emotion-0.emotion-0.emotion-0 {
  box-sizing: border-box;
  -moz-osx-font-smoothing: grayscale;
  -webkit-font-smoothing: antialiased;
  font-family: Inter,system-ui,-apple-system,BlinkMacSystemFont,"Segoe UI",Roboto,"Helvetica Neue",sans-serif;
  font-family: var(--wp-g2-font-family);
  font-size: 13px;
  font-size: var(--wp-g2-font-size);
  font-weight: normal;
  font-weight: var(--wp-g2-font-weight);
  margin: 0;
  color: #1e1e1e;
  color: var(--wp-g2-color-text);
  line-height: 1.2;
  line-height: var(--wp-g2-font-line-height-base);
  font-size: calc((13 / 13) * 13px);
  font-size: calc((13 / 13) * var(--wp-g2-font-size));
  font-weight: normal;
  font-weight: var(--wp-g2-font-weight);
}

@media (prefers-reduced-motion) {
  .emotion-0.emotion-0.emotion-0.emotion-0.emotion-0.emotion-0.emotion-0 {
    -webkit-transition: none!important;
    transition: none!important;
  }
}

[data-system-ui-reduced-motion-mode="true"] .emotion-0.emotion-0.emotion-0.emotion-0.emotion-0.emotion-0.emotion-0 {
  -webkit-transition: none!important;
  transition: none!important;
}

.emotion-0.emotion-0.emotion-0.emotion-0.emotion-0.emotion-0.emotion-0 mark {
  background: rgba(255, 185, 0, 0.7);
  background: var(--wp-g2-yellow-rgba-70);
  border-radius: 2px;
  box-shadow: 0 0 0 1px rgba(0,0,0,0.05) inset,0 -1px 0 rgba(0,0,0,0.1) inset;
}

<span
  class="components-truncate wp-components-truncate components-text wp-components-text ic-7u3orf ic-1m45iq3 ic-192yz5d emotion-0"
  data-g2-c16t="true"
  data-g2-component="Text"
>
  <span
    class=""
    data-g2-component="Text"
  >
    Some people are 
  </span>
  <mark
    class=" "
    data-g2-component="TextHighlight"
  >
    worth
  </mark>
  <span
    class=""
    data-g2-component="Text"
  >
     melting for.
  </span>
</span>
`;

exports[`props should render highlighted words with highlightCaseSensitive 1`] = `
.emotion-0.emotion-0.emotion-0.emotion-0.emotion-0.emotion-0.emotion-0 {
  box-sizing: border-box;
  -moz-osx-font-smoothing: grayscale;
  -webkit-font-smoothing: antialiased;
  font-family: Inter,system-ui,-apple-system,BlinkMacSystemFont,"Segoe UI",Roboto,"Helvetica Neue",sans-serif;
  font-family: var(--wp-g2-font-family);
  font-size: 13px;
  font-size: var(--wp-g2-font-size);
  font-weight: normal;
  font-weight: var(--wp-g2-font-weight);
  margin: 0;
  color: #1e1e1e;
  color: var(--wp-g2-color-text);
  line-height: 1.2;
  line-height: var(--wp-g2-font-line-height-base);
  font-size: calc((13 / 13) * 13px);
  font-size: calc((13 / 13) * var(--wp-g2-font-size));
  font-weight: normal;
  font-weight: var(--wp-g2-font-weight);
}

@media (prefers-reduced-motion) {
  .emotion-0.emotion-0.emotion-0.emotion-0.emotion-0.emotion-0.emotion-0 {
    -webkit-transition: none!important;
    transition: none!important;
  }
}

[data-system-ui-reduced-motion-mode="true"] .emotion-0.emotion-0.emotion-0.emotion-0.emotion-0.emotion-0.emotion-0 {
  -webkit-transition: none!important;
  transition: none!important;
}

.emotion-0.emotion-0.emotion-0.emotion-0.emotion-0.emotion-0.emotion-0 mark {
  background: rgba(255, 185, 0, 0.7);
  background: var(--wp-g2-yellow-rgba-70);
  border-radius: 2px;
  box-shadow: 0 0 0 1px rgba(0,0,0,0.05) inset,0 -1px 0 rgba(0,0,0,0.1) inset;
}

<span
  class="components-truncate wp-components-truncate components-text wp-components-text ic-7u3orf ic-1m45iq3 ic-192yz5d emotion-0"
  data-g2-c16t="true"
  data-g2-component="Text"
>
  <span
    class=""
    data-g2-component="Text"
  >
    Some people are worth melting for.
  </span>
</span>
`;

exports[`props should render highlighted words with undefined passed 1`] = `
.emotion-0.emotion-0.emotion-0.emotion-0.emotion-0.emotion-0.emotion-0 {
  box-sizing: border-box;
  -moz-osx-font-smoothing: grayscale;
  -webkit-font-smoothing: antialiased;
  font-family: Inter,system-ui,-apple-system,BlinkMacSystemFont,"Segoe UI",Roboto,"Helvetica Neue",sans-serif;
  font-family: var(--wp-g2-font-family);
  font-size: 13px;
  font-size: var(--wp-g2-font-size);
  font-weight: normal;
  font-weight: var(--wp-g2-font-weight);
  margin: 0;
  color: #1e1e1e;
  color: var(--wp-g2-color-text);
  line-height: 1.2;
  line-height: var(--wp-g2-font-line-height-base);
  font-size: calc((13 / 13) * 13px);
  font-size: calc((13 / 13) * var(--wp-g2-font-size));
  font-weight: normal;
  font-weight: var(--wp-g2-font-weight);
}

@media (prefers-reduced-motion) {
  .emotion-0.emotion-0.emotion-0.emotion-0.emotion-0.emotion-0.emotion-0 {
    -webkit-transition: none!important;
    transition: none!important;
  }
}

[data-system-ui-reduced-motion-mode="true"] .emotion-0.emotion-0.emotion-0.emotion-0.emotion-0.emotion-0.emotion-0 {
  -webkit-transition: none!important;
  transition: none!important;
}

<span
  class="components-truncate wp-components-truncate components-text wp-components-text ic-7u3orf ic-1m45iq3 ic-192yz5d emotion-0"
  data-g2-c16t="true"
  data-g2-component="Text"
>
  Some people are worth melting for.
</span>
`;

exports[`props should render isBlock 1`] = `
.emotion-0.emotion-0.emotion-0.emotion-0.emotion-0.emotion-0.emotion-0 {
  box-sizing: border-box;
  -moz-osx-font-smoothing: grayscale;
  -webkit-font-smoothing: antialiased;
  font-family: Inter,system-ui,-apple-system,BlinkMacSystemFont,"Segoe UI",Roboto,"Helvetica Neue",sans-serif;
  font-family: var(--wp-g2-font-family);
  font-size: 13px;
  font-size: var(--wp-g2-font-size);
  font-weight: normal;
  font-weight: var(--wp-g2-font-weight);
  margin: 0;
  color: #1e1e1e;
  color: var(--wp-g2-color-text);
  line-height: 1.2;
  line-height: var(--wp-g2-font-line-height-base);
  font-size: calc((13 / 13) * 13px);
  font-size: calc((13 / 13) * var(--wp-g2-font-size));
  font-weight: normal;
  font-weight: var(--wp-g2-font-weight);
  display: block;
}

@media (prefers-reduced-motion) {
  .emotion-0.emotion-0.emotion-0.emotion-0.emotion-0.emotion-0.emotion-0 {
    -webkit-transition: none!important;
    transition: none!important;
  }
}

[data-system-ui-reduced-motion-mode="true"] .emotion-0.emotion-0.emotion-0.emotion-0.emotion-0.emotion-0.emotion-0 {
  -webkit-transition: none!important;
  transition: none!important;
}

<span
  class="components-truncate wp-components-truncate components-text wp-components-text ic-7u3orf ic-1m45iq3 ic-192yz5d emotion-0"
  data-g2-c16t="true"
  data-g2-component="Text"
>
  Some people are worth melting for.
</span>
`;

exports[`props should render lineHeight 1`] = `
.emotion-0.emotion-0.emotion-0.emotion-0.emotion-0.emotion-0.emotion-0 {
  box-sizing: border-box;
  -moz-osx-font-smoothing: grayscale;
  -webkit-font-smoothing: antialiased;
  font-family: Inter,system-ui,-apple-system,BlinkMacSystemFont,"Segoe UI",Roboto,"Helvetica Neue",sans-serif;
  font-family: var(--wp-g2-font-family);
  font-size: 13px;
  font-size: var(--wp-g2-font-size);
  font-weight: normal;
  font-weight: var(--wp-g2-font-weight);
  margin: 0;
  color: #1e1e1e;
  color: var(--wp-g2-color-text);
  line-height: 1.2;
  line-height: var(--wp-g2-font-line-height-base);
  font-size: calc((13 / 13) * 13px);
  font-size: calc((13 / 13) * var(--wp-g2-font-size));
  font-weight: normal;
  font-weight: var(--wp-g2-font-weight);
  line-height: 1.5;
}

@media (prefers-reduced-motion) {
  .emotion-0.emotion-0.emotion-0.emotion-0.emotion-0.emotion-0.emotion-0 {
    -webkit-transition: none!important;
    transition: none!important;
  }
}

[data-system-ui-reduced-motion-mode="true"] .emotion-0.emotion-0.emotion-0.emotion-0.emotion-0.emotion-0.emotion-0 {
  -webkit-transition: none!important;
  transition: none!important;
}

<span
  class="components-truncate wp-components-truncate components-text wp-components-text ic-7u3orf ic-1m45iq3 ic-192yz5d emotion-0"
  data-g2-c16t="true"
  data-g2-component="Text"
>
  Some people are worth melting for.
</span>
`;

exports[`props should render optimizeReadabilityFor 1`] = `
.emotion-0.emotion-0.emotion-0.emotion-0.emotion-0.emotion-0.emotion-0 {
  box-sizing: border-box;
  -moz-osx-font-smoothing: grayscale;
  -webkit-font-smoothing: antialiased;
  font-family: Inter,system-ui,-apple-system,BlinkMacSystemFont,"Segoe UI",Roboto,"Helvetica Neue",sans-serif;
  font-family: var(--wp-g2-font-family);
  font-size: 13px;
  font-size: var(--wp-g2-font-size);
  font-weight: normal;
  font-weight: var(--wp-g2-font-weight);
  margin: 0;
  color: #1e1e1e;
  color: var(--wp-g2-color-text);
  line-height: 1.2;
  line-height: var(--wp-g2-font-line-height-base);
  font-size: calc((13 / 13) * 13px);
  font-size: calc((13 / 13) * var(--wp-g2-font-size));
  font-weight: normal;
  font-weight: var(--wp-g2-font-weight);
  color: #ffffff;
  color: var(--wp-g2-white);
}

@media (prefers-reduced-motion) {
  .emotion-0.emotion-0.emotion-0.emotion-0.emotion-0.emotion-0.emotion-0 {
    -webkit-transition: none!important;
    transition: none!important;
  }
}

[data-system-ui-reduced-motion-mode="true"] .emotion-0.emotion-0.emotion-0.emotion-0.emotion-0.emotion-0.emotion-0 {
  -webkit-transition: none!important;
  transition: none!important;
}

<span
  class="components-truncate wp-components-truncate components-text wp-components-text ic-7u3orf ic-1m45iq3 ic-192yz5d emotion-0"
  data-g2-c16t="true"
  data-g2-component="Text"
>
  Some people are worth melting for.
</span>
`;

exports[`props should render size 1`] = `
.emotion-0.emotion-0.emotion-0.emotion-0.emotion-0.emotion-0.emotion-0 {
  box-sizing: border-box;
  -moz-osx-font-smoothing: grayscale;
  -webkit-font-smoothing: antialiased;
  font-family: Inter,system-ui,-apple-system,BlinkMacSystemFont,"Segoe UI",Roboto,"Helvetica Neue",sans-serif;
  font-family: var(--wp-g2-font-family);
  font-size: 13px;
  font-size: var(--wp-g2-font-size);
  font-weight: normal;
  font-weight: var(--wp-g2-font-weight);
  margin: 0;
  color: #1e1e1e;
  color: var(--wp-g2-color-text);
  line-height: 1.2;
  line-height: var(--wp-g2-font-line-height-base);
  font-size: calc((20 / 13) * 13px);
  font-size: calc((20 / 13) * var(--wp-g2-font-size));
  font-weight: normal;
  font-weight: var(--wp-g2-font-weight);
}

@media (prefers-reduced-motion) {
  .emotion-0.emotion-0.emotion-0.emotion-0.emotion-0.emotion-0.emotion-0 {
    -webkit-transition: none!important;
    transition: none!important;
  }
}

[data-system-ui-reduced-motion-mode="true"] .emotion-0.emotion-0.emotion-0.emotion-0.emotion-0.emotion-0.emotion-0 {
  -webkit-transition: none!important;
  transition: none!important;
}

<span
  class="components-truncate wp-components-truncate components-text wp-components-text ic-7u3orf ic-1m45iq3 ic-192yz5d emotion-0"
  data-g2-c16t="true"
  data-g2-component="Text"
>
  Some people are worth melting for.
</span>
`;

exports[`props should render truncate 1`] = `
.emotion-0.emotion-0.emotion-0.emotion-0.emotion-0.emotion-0.emotion-0 {
  box-sizing: border-box;
  -moz-osx-font-smoothing: grayscale;
  -webkit-font-smoothing: antialiased;
  font-family: Inter,system-ui,-apple-system,BlinkMacSystemFont,"Segoe UI",Roboto,"Helvetica Neue",sans-serif;
  font-family: var(--wp-g2-font-family);
  font-size: 13px;
  font-size: var(--wp-g2-font-size);
  font-weight: normal;
  font-weight: var(--wp-g2-font-weight);
  margin: 0;
  display: block;
  overflow: hidden;
  text-overflow: ellipsis;
  white-space: nowrap;
  color: #1e1e1e;
  color: var(--wp-g2-color-text);
  line-height: 1.2;
  line-height: var(--wp-g2-font-line-height-base);
  font-size: calc((13 / 13) * 13px);
  font-size: calc((13 / 13) * var(--wp-g2-font-size));
  font-weight: normal;
  font-weight: var(--wp-g2-font-weight);
}

@media (prefers-reduced-motion) {
  .emotion-0.emotion-0.emotion-0.emotion-0.emotion-0.emotion-0.emotion-0 {
    -webkit-transition: none!important;
    transition: none!important;
  }
}

[data-system-ui-reduced-motion-mode="true"] .emotion-0.emotion-0.emotion-0.emotion-0.emotion-0.emotion-0.emotion-0 {
  -webkit-transition: none!important;
  transition: none!important;
}

<span
  class="components-truncate wp-components-truncate components-text wp-components-text ic-7u3orf ic-1m45iq3 ic-192yz5d emotion-0"
  data-g2-c16t="true"
  data-g2-component="Text"
>
  Some people are worth melting for.
</span>
`;

exports[`props should render upperCase 1`] = `
.emotion-0.emotion-0.emotion-0.emotion-0.emotion-0.emotion-0.emotion-0 {
  box-sizing: border-box;
  -moz-osx-font-smoothing: grayscale;
  -webkit-font-smoothing: antialiased;
  font-family: Inter,system-ui,-apple-system,BlinkMacSystemFont,"Segoe UI",Roboto,"Helvetica Neue",sans-serif;
  font-family: var(--wp-g2-font-family);
  font-size: 13px;
  font-size: var(--wp-g2-font-size);
  font-weight: normal;
  font-weight: var(--wp-g2-font-weight);
  margin: 0;
  color: #1e1e1e;
  color: var(--wp-g2-color-text);
  line-height: 1.2;
  line-height: var(--wp-g2-font-line-height-base);
  font-size: calc((13 / 13) * 13px);
  font-size: calc((13 / 13) * var(--wp-g2-font-size));
  font-weight: normal;
  font-weight: var(--wp-g2-font-weight);
  text-transform: uppercase;
}

@media (prefers-reduced-motion) {
  .emotion-0.emotion-0.emotion-0.emotion-0.emotion-0.emotion-0.emotion-0 {
    -webkit-transition: none!important;
    transition: none!important;
  }
}

[data-system-ui-reduced-motion-mode="true"] .emotion-0.emotion-0.emotion-0.emotion-0.emotion-0.emotion-0.emotion-0 {
  -webkit-transition: none!important;
  transition: none!important;
}

<span
  class="components-truncate wp-components-truncate components-text wp-components-text ic-7u3orf ic-1m45iq3 ic-192yz5d emotion-0"
  data-g2-c16t="true"
  data-g2-component="Text"
>
  Some people are worth melting for.
</span>
`;

exports[`props should render variant 1`] = `
.emotion-0.emotion-0.emotion-0.emotion-0.emotion-0.emotion-0.emotion-0 {
  box-sizing: border-box;
  -moz-osx-font-smoothing: grayscale;
  -webkit-font-smoothing: antialiased;
  font-family: Inter,system-ui,-apple-system,BlinkMacSystemFont,"Segoe UI",Roboto,"Helvetica Neue",sans-serif;
  font-family: var(--wp-g2-font-family);
  font-size: 13px;
  font-size: var(--wp-g2-font-size);
  font-weight: normal;
  font-weight: var(--wp-g2-font-weight);
  margin: 0;
  color: #1e1e1e;
  color: var(--wp-g2-color-text);
  line-height: 1.2;
  line-height: var(--wp-g2-font-line-height-base);
  font-size: calc((13 / 13) * 13px);
  font-size: calc((13 / 13) * var(--wp-g2-font-size));
  font-weight: normal;
  font-weight: var(--wp-g2-font-weight);
  color: #717171;
  color: var(--wp-g2-color-text-muted);
}

@media (prefers-reduced-motion) {
  .emotion-0.emotion-0.emotion-0.emotion-0.emotion-0.emotion-0.emotion-0 {
    -webkit-transition: none!important;
    transition: none!important;
  }
}

[data-system-ui-reduced-motion-mode="true"] .emotion-0.emotion-0.emotion-0.emotion-0.emotion-0.emotion-0.emotion-0 {
  -webkit-transition: none!important;
  transition: none!important;
}

<span
  class="components-truncate wp-components-truncate components-text wp-components-text ic-7u3orf ic-1m45iq3 ic-192yz5d emotion-0"
  data-g2-c16t="true"
  data-g2-component="Text"
>
  Some people are worth melting for.
</span>
`;

exports[`props should render weight 1`] = `
.emotion-0.emotion-0.emotion-0.emotion-0.emotion-0.emotion-0.emotion-0 {
  box-sizing: border-box;
  -moz-osx-font-smoothing: grayscale;
  -webkit-font-smoothing: antialiased;
  font-family: Inter,system-ui,-apple-system,BlinkMacSystemFont,"Segoe UI",Roboto,"Helvetica Neue",sans-serif;
  font-family: var(--wp-g2-font-family);
  font-size: 13px;
  font-size: var(--wp-g2-font-size);
  font-weight: normal;
  font-weight: var(--wp-g2-font-weight);
  margin: 0;
  color: #1e1e1e;
  color: var(--wp-g2-color-text);
  line-height: 1.2;
  line-height: var(--wp-g2-font-line-height-base);
  font-size: calc((13 / 13) * 13px);
  font-size: calc((13 / 13) * var(--wp-g2-font-size));
  font-weight: 700;
}

@media (prefers-reduced-motion) {
  .emotion-0.emotion-0.emotion-0.emotion-0.emotion-0.emotion-0.emotion-0 {
    -webkit-transition: none!important;
    transition: none!important;
  }
}

[data-system-ui-reduced-motion-mode="true"] .emotion-0.emotion-0.emotion-0.emotion-0.emotion-0.emotion-0.emotion-0 {
  -webkit-transition: none!important;
  transition: none!important;
}

<span
  class="components-truncate wp-components-truncate components-text wp-components-text ic-7u3orf ic-1m45iq3 ic-192yz5d emotion-0"
  data-g2-c16t="true"
  data-g2-component="Text"
>
  Some people are worth melting for.
</span>
`;
